// Vitest Snapshot v1, https://vitest.dev/guide/snapshot.html

exports[`Hero > Snapshot  1`] = `
{
  "asFragment": [Function],
  "baseElement": <body>
    <div>
      <div
        class="hero"
        data-testid="hero"
        style="background-image: url(https://via.placeholder.com/1440x400);"
      >
        <section
          class="hero-content"
        >
          <h2
            class="sr-only"
          >
            Promoted Content
          </h2>
          <p
            class="subtitle"
          >
            No fees.
          </p>
          <p
            class="subtitle"
          >
            No minimum deposit.
          </p>
          <p
            class="subtitle"
          >
            High interest rates.
          </p>
          <p
            class="text"
          >
            Open a savings account with Argent Bank today!
          </p>
        </section>
      </div>
    </div>
  </body>,
  "container": <div>
    <div
      class="hero"
      data-testid="hero"
      style="background-image: url(https://via.placeholder.com/1440x400);"
    >
      <section
        class="hero-content"
      >
        <h2
          class="sr-only"
        >
          Promoted Content
        </h2>
        <p
          class="subtitle"
        >
          No fees.
        </p>
        <p
          class="subtitle"
        >
          No minimum deposit.
        </p>
        <p
          class="subtitle"
        >
          High interest rates.
        </p>
        <p
          class="text"
        >
          Open a savings account with Argent Bank today!
        </p>
      </section>
    </div>
  </div>,
  "debug": [Function],
  "findAllByAltText": [Function],
  "findAllByDisplayValue": [Function],
  "findAllByLabelText": [Function],
  "findAllByPlaceholderText": [Function],
  "findAllByRole": [Function],
  "findAllByTestId": [Function],
  "findAllByText": [Function],
  "findAllByTitle": [Function],
  "findByAltText": [Function],
  "findByDisplayValue": [Function],
  "findByLabelText": [Function],
  "findByPlaceholderText": [Function],
  "findByRole": [Function],
  "findByTestId": [Function],
  "findByText": [Function],
  "findByTitle": [Function],
  "getAllByAltText": [Function],
  "getAllByDisplayValue": [Function],
  "getAllByLabelText": [Function],
  "getAllByPlaceholderText": [Function],
  "getAllByRole": [Function],
  "getAllByTestId": [Function],
  "getAllByText": [Function],
  "getAllByTitle": [Function],
  "getByAltText": [Function],
  "getByDisplayValue": [Function],
  "getByLabelText": [Function],
  "getByPlaceholderText": [Function],
  "getByRole": [Function],
  "getByTestId": [Function],
  "getByText": [Function],
  "getByTitle": [Function],
  "queryAllByAltText": [Function],
  "queryAllByDisplayValue": [Function],
  "queryAllByLabelText": [Function],
  "queryAllByPlaceholderText": [Function],
  "queryAllByRole": [Function],
  "queryAllByTestId": [Function],
  "queryAllByText": [Function],
  "queryAllByTitle": [Function],
  "queryByAltText": [Function],
  "queryByDisplayValue": [Function],
  "queryByLabelText": [Function],
  "queryByPlaceholderText": [Function],
  "queryByRole": [Function],
  "queryByTestId": [Function],
  "queryByText": [Function],
  "queryByTitle": [Function],
  "rerender": [Function],
  "unmount": [Function],
}
`;
